coder v0.0.0-devel

USAGE:
  coder features list [flags]

  Aliases: ls

OPTIONS:
  -c, --column [Name|Entitlement|Enabled|Limit|Actual] (default: Name,Entitlement,Enabled,Limit,Actual)
          Specify columns to filter in the table.

  -o, --output table|json (default: table)
          Output format.

———
Run `coder --help` for a list of global options.
